// Jest Snapshot v1, https://goo.gl/fbAQLP

exports[`WalletCard 1`] = `
<View
  mt={5}
  style={
    [
      {
        "display": "flex",
        "flexDirection": "row",
        "gap": 16,
        "marginTop": 16,
      },
    ]
  }
>
  <View
    accessibilityState={
      {
        "busy": undefined,
        "checked": undefined,
        "disabled": undefined,
        "expanded": undefined,
        "selected": undefined,
      }
    }
    accessibilityValue={
      {
        "max": undefined,
        "min": undefined,
        "now": undefined,
        "text": undefined,
      }
    }
    accessible={true}
    collapsable={false}
    focusable={true}
    onClick={[Function]}
    onResponderGrant={[Function]}
    onResponderMove={[Function]}
    onResponderRelease={[Function]}
    onResponderTerminate={[Function]}
    onResponderTerminationRequest={[Function]}
    onStartShouldSetResponder={[Function]}
    style={
      {
        "alignItems": "center",
        "backgroundColor": "#FBFCFF",
        "borderColor": "#EFF5FF",
        "borderRadius": 12,
        "borderWidth": 1,
        "flexGrow": 1,
        "height": 155,
        "justifyContent": "center",
        "opacity": 1,
      }
    }
  >
    <View
      alignCenter={true}
      justifyCenter={true}
      stretch={true}
      style={
        [
          {
            "alignItems": "center",
            "flexBasis": 0,
            "flexDirection": "column",
            "flexGrow": 1,
            "flexShrink": 1,
            "justifyContent": "center",
          },
        ]
      }
    >
      <Text
        allowFontScaling={false}
        color="grey"
        fontFamily="Inter"
        fontSize={2}
        fontWeight={0}
        mt={3}
        style={
          [
            {
              "color": "#6D758E",
              "fontFamily": "Inter",
              "fontSize": 14,
              "fontWeight": "400",
              "marginTop": 8,
            },
          ]
        }
      >
        Personal info
      </Text>
    </View>
  </View>
  <View
    accessibilityState={
      {
        "busy": undefined,
        "checked": undefined,
        "disabled": undefined,
        "expanded": undefined,
        "selected": undefined,
      }
    }
    accessibilityValue={
      {
        "max": undefined,
        "min": undefined,
        "now": undefined,
        "text": undefined,
      }
    }
    accessible={true}
    collapsable={false}
    focusable={true}
    onClick={[Function]}
    onResponderGrant={[Function]}
    onResponderMove={[Function]}
    onResponderRelease={[Function]}
    onResponderTerminate={[Function]}
    onResponderTerminationRequest={[Function]}
    onStartShouldSetResponder={[Function]}
    style={
      {
        "alignItems": "center",
        "backgroundColor": "#FBFCFF",
        "borderColor": "#EFF5FF",
        "borderRadius": 12,
        "borderWidth": 1,
        "flexGrow": 1,
        "height": 155,
        "justifyContent": "center",
        "opacity": 1,
      }
    }
  >
    <View
      alignCenter={true}
      justifyCenter={true}
      stretch={true}
      style={
        [
          {
            "alignItems": "center",
            "flexBasis": 0,
            "flexDirection": "column",
            "flexGrow": 1,
            "flexShrink": 1,
            "justifyContent": "center",
          },
        ]
      }
    >
      <Text
        allowFontScaling={false}
        color="grey"
        fontFamily="Inter"
        fontSize={2}
        fontWeight={0}
        mt={3}
        style={
          [
            {
              "color": "#6D758E",
              "fontFamily": "Inter",
              "fontSize": 14,
              "fontWeight": "400",
              "marginTop": 8,
            },
          ]
        }
      >
        ID Docs
      </Text>
    </View>
  </View>
</View>
`;
